>contig0[0.76603335]
GAGCCATAGTGGTCTGCGGAACCGGTGAGTACACCGGAATTGCCGGGAAGACTGGGTCCTTTCTTGGATCAACCCACTCTATGCCCGGAGATTTGGGCGTGCCCCCGCGAGACTGCTAGCCGAG
>contig1[0.9447532]
CCGCGAGACTGCTAGCCGAGTAGTGTTGGGTCGCGAAAGGCCTTGTGGTACTGCCTGATAGGGT
>contig2[0.8009399]
GATCGGAAGAGCGTCGGGGAGGGGAAGAGGGGAGATCTCGGTGGGCGC
>contig3[0.94085646]
GATCGGAAGAGCGTCGTGTAGGGAAAGAGTGTAGATCTCGGTGGTCGC
>contig4[0.9129164]
GTGGTACTGCCTGATAGGGTGCTTGCGAGTGCCCCGGGAGGTCTCGTA
