>contig_0[]
GAGCCATAGTGGTCTGCGGAACCGGTGAGTACACCGGAATTGCCGGGAAGACTGGGTCCTTTCTTGGATCAACCCACTCTATGCCCGGAGATTTGGGCGTGCCCCCGCGAGACTGCTAGCCGAG
>contig_1[]
CCGCGAGACTGCTAGCCGAGTAGTGTTGGGTCGCGAAAGGCCTTGTGGTACTGCCTGATAGGGT
>contig_7[]
GATCGGAAGAGCGTCGGGGAGGGGAAGAGGGGAGATCTCGGTGGGCGC
>contig_8[]
GATCGGAAGAGCGTCGTGTAGGGAAAGAGTGTAGATCTCGGTGGTCGC
>contig_10[]
GTGGTACTGCCTGATAGGGTGCTTGCGAGTGCCCCGGGAGGTCTCGTA
